// Jest Snapshot v1, https://goo.gl/fbAQLP

exports[`<Participant /> renders this UI as expected 1`] = `
<div
  className="Participant"
>
  <img
    alt="Mike"
    src="https://robohash.org/iustodoloremqueinventore.jpg?size=200x200&set=set1"
  />
  <h3>
    Mike
  </h3>
  <p>
    in session
  </p>
</div>
`;
